
Allocating common symbols
Common symbol       size              file

netbufpool          0x4               binaries/net.o
readylist           0x2               binaries/ready.o
rfltab              0x5a0             binaries/rflinit.o
netportseed         0x8               binaries/net.o
sleepq              0x2               binaries/clkinit.o
nnames              0x4               binaries/naminit.o
udptab              0x168             binaries/udp.o
minheap             0x4               binaries/meminit.o
marks               0x50              binaries/mark.o
currpid             0x4               binaries/initialize.o
Lf_data             0x20c             binaries/lfsinit.o
porttab             0x2d0             binaries/ptinit.o
girmask             0x2               binaries/evec.o
ttytab              0x110             binaries/ttyinit.o
proctab             0x3070            binaries/initialize.o
prcount             0x4               binaries/initialize.o
lfltab              0xf00             binaries/lflinit.o
rdstab              0x8c              binaries/rdsinit.o
ethertab            0x130             binaries/ethinit.o
NetData             0xb0              binaries/net.o
nmarks              0x4               binaries/mark.o
initsp              0x4               binaries/i386.o
Defer               0x8               binaries/resched.o
semtab              0x4b0             binaries/initialize.o
maxheap             0x4               binaries/meminit.o
preempt             0x4               binaries/clkinit.o
buftab              0xf0              binaries/bufinit.o
Rf_data             0x18              binaries/rfsinit.o
mkmutex             0x4               binaries/mark.o
clktime             0x4               binaries/clkinit.o
arpcache            0x140             binaries/arp.o
icmptab             0x230             binaries/icmp.o
nbpools             0x4               binaries/bufinit.o
queuetab            0x980             binaries/queue.o
ptnextid            0x4               binaries/ptinit.o
Ram                 0x19000           binaries/raminit.o
ipoqueue            0x2c              binaries/ip.o
memlist             0x8               binaries/initialize.o
nametab             0x19a0            binaries/naminit.o
ptfree              0x4               binaries/ptinit.o

Memory Configuration

Name             Origin             Length             Attributes
*default*        0x0000000000000000 0xffffffffffffffff

Linker script and memory map

                0x0000000000100000                physbase = 0x100000
                0x0000000000100000                . = physbase
                0x0000000000100000                . = ALIGN (0x1000)

.text           0x0000000000100000    0x1b000
                0x0000000000100000                text = ABSOLUTE (.)
 *(.text .text.*)
 .text          0x0000000000100000      0x165 binaries/start.o
                0x0000000000100020                entry
                0x000000000010003d                start
                0x00000000001000a5                inb
                0x00000000001000ad                inw
                0x00000000001000b6                inl
                0x00000000001000be                outb
                0x00000000001000c8                outw
                0x00000000001000d3                outl
                0x00000000001000dd                _rtcin
                0x00000000001000e8                ___udivsi3
                0x00000000001000f3                ___divsi3
                0x00000000001000ff                sbzero
                0x000000000010010f                bcopy
                0x0000000000100123                insw
                0x0000000000100139                outsw
                0x000000000010014f                lidt
                0x0000000000100157                jumptocode
                0x000000000010015e                jumptobootcode
 .text          0x0000000000100165      0x3e3 binaries/ascdate.o
                0x0000000000100165                ascdate
 .text          0x0000000000100548       0x14 binaries/bufinit.o
                0x0000000000100548                bufinit
 .text          0x000000000010055c       0x90 binaries/chprio.o
                0x000000000010055c                chprio
 .text          0x00000000001005ec       0xf6 binaries/clkhandler.o
                0x00000000001005ec                clkhandler
 .text          0x00000000001006e2       0x7e binaries/clkinit.o
                0x00000000001006e2                clkinit
 .text          0x0000000000100760       0x75 binaries/close.o
                0x0000000000100760                close
 .text          0x00000000001007d5        0x0 binaries/conf.o
 .text          0x00000000001007d5       0x7b binaries/control.o
                0x00000000001007d5                control
 .text          0x0000000000100850      0x370 binaries/create.o
                0x0000000000100850                create
 .text          0x0000000000100bc0      0x355 binaries/evec.o
                0x0000000000100bc0                initevec
                0x0000000000100c17                set_evec
                0x0000000000100cb9                trap
 .text          0x0000000000100f15       0x19 binaries/exit.o
                0x0000000000100f15                exit
 .text          0x0000000000100f2e      0x16d binaries/fork.o
                0x0000000000100f2e                fork
 .text          0x000000000010109b       0x8c binaries/freebuf.o
                0x000000000010109b                freebuf
 .text          0x0000000000101127      0x172 binaries/freemem.o
                0x0000000000101127                freemem
 .text          0x0000000000101299       0x8a binaries/getbuf.o
                0x0000000000101299                getbuf
 .text          0x0000000000101323       0x75 binaries/getc.o
                0x0000000000101323                getc
 .text          0x0000000000101398       0x74 binaries/getdev.o
                0x0000000000101398                getdev
 .text          0x000000000010140c       0xd0 binaries/getitem.o
                0x000000000010140c                getfirst
                0x0000000000101451                getlast
                0x0000000000101498                getitem
 .text          0x00000000001014dc      0x10a binaries/getmem.o
                0x00000000001014dc                getmem
 .text          0x00000000001015e6        0xa binaries/getpid.o
                0x00000000001015e6                getpid
 .text          0x00000000001015f0       0x79 binaries/getprio.o
                0x00000000001015f0                getprio
 .text          0x0000000000101669       0xfb binaries/getstk.o
                0x0000000000101669                getstk
 .text          0x0000000000101764       0x16 binaries/getticks.o
                0x0000000000101764                getticks
 .text          0x000000000010177a       0x3a binaries/gettime.o
                0x000000000010177a                gettime
 .text          0x00000000001017b4      0x1e0 binaries/getutime.o
                0x00000000001017b4                getutime
 .text          0x0000000000101994      0x3c5 binaries/i386.o
                0x0000000000101994                setsegs
                0x0000000000101aa6                init8259
                0x0000000000101b58                pseg
                0x0000000000101d00                setirmask
 .text          0x0000000000101d59       0x75 binaries/init.o
                0x0000000000101d59                init
 .text          0x0000000000101dce      0x3d2 binaries/initialize.o
                0x0000000000101dce                nulluser
                0x0000000000102147                stop
                0x0000000000102172                delay
 .text          0x00000000001021a0       0xdc binaries/insert.o
                0x00000000001021a0                insert
 .text          0x000000000010227c      0x10e binaries/insertd.o
                0x000000000010227c                insertd
 .text          0x000000000010238a        0xa binaries/ioerr.o
                0x000000000010238a                ioerr
 .text          0x0000000000102394        0xa binaries/ionull.o
                0x0000000000102394                ionull
 .text          0x000000000010239e      0x241 binaries/kill.o
                0x000000000010239e                kill
 .text          0x00000000001025df      0x14e binaries/kprintf.o
                0x00000000001025df                kputc
                0x0000000000102672                kgetc
                0x0000000000102703                kprintf
 .text          0x000000000010272d      0x19c binaries/main.o
                0x000000000010272d                test
                0x0000000000102764                main
 .text          0x00000000001028c9       0xb5 binaries/mark.o
                0x00000000001028c9                markinit
                0x00000000001028ed                mark
 .text          0x000000000010297e       0xcc binaries/meminit.o
                0x000000000010297e                meminit
 .text          0x0000000000102a4a      0x174 binaries/mkbufpool.o
                0x0000000000102a4a                mkbufpool
 .text          0x0000000000102bbe       0x94 binaries/newqueue.o
                0x0000000000102bbe                newqueue
 .text          0x0000000000102c52       0x7b binaries/open.o
                0x0000000000102c52                open
 .text          0x0000000000102ccd       0x20 binaries/panic.o
                0x0000000000102ccd                panic
 .text          0x0000000000102ced      0x489 binaries/pci.o
                0x0000000000102ced                pci_init
                0x0000000000102faa                find_pci_device
                0x0000000000102ff8                pci_bios_read_config_byte
                0x0000000000103037                pci_bios_read_config_word
                0x0000000000103079                pci_bios_read_config_dword
                0x00000000001030b8                pci_bios_write_config_byte
                0x00000000001030f9                pci_bios_write_config_word
                0x000000000010313b                pci_bios_write_config_dword
 .text          0x0000000000103176      0x15b binaries/pr_status_sycall_summary.o
                0x0000000000103176                pr_status_syscall_summary
 .text          0x00000000001032d1       0xf1 binaries/ptclear.o
                0x00000000001032d1                _ptclear
 .text          0x00000000001033c2       0x9d binaries/ptcount.o
                0x00000000001033c2                ptcount
 .text          0x000000000010345f      0x116 binaries/ptcreate.o
                0x000000000010345f                ptcreate
 .text          0x0000000000103575       0x7f binaries/ptdelete.o
                0x0000000000103575                ptdelete
 .text          0x00000000001035f4       0xbf binaries/ptinit.o
                0x00000000001035f4                ptinit
 .text          0x00000000001036b3      0x11b binaries/ptrecv.o
                0x00000000001036b3                ptrecv
 .text          0x00000000001037ce       0x77 binaries/ptreset.o
                0x00000000001037ce                ptreset
 .text          0x0000000000103845      0x13d binaries/ptsend.o
                0x0000000000103845                ptsend
 .text          0x0000000000103982       0x80 binaries/putc.o
                0x0000000000103982                putc
 .text          0x0000000000103a02      0x10f binaries/queue.o
                0x0000000000103a02                enqueue
                0x0000000000103aa4                dequeue
 .text          0x0000000000103b11       0x7b binaries/read.o
                0x0000000000103b11                read
 .text          0x0000000000103b8c      0x121 binaries/ready.o
                0x0000000000103b8c                ready
 .text          0x0000000000103cad       0x60 binaries/receive.o
                0x0000000000103cad                receive
 .text          0x0000000000103d0d       0x5c binaries/recvclr.o
                0x0000000000103d0d                recvclr
 .text          0x0000000000103d69       0xbb binaries/recvtime.o
                0x0000000000103d69                recvtime
 .text          0x0000000000103e24      0x168 binaries/resched.o
                0x0000000000103e24                resched
                0x0000000000103f17                resched_cntl
 .text          0x0000000000103f8c       0xad binaries/resume.o
                0x0000000000103f8c                resume
 .text          0x0000000000104039       0x79 binaries/seek.o
                0x0000000000104039                seek
 .text          0x00000000001040b2       0x70 binaries/semcount.o
                0x00000000001040b2                semcount
 .text          0x0000000000104122       0xd6 binaries/semcreate.o
                0x0000000000104122                semcreate
 .text          0x00000000001041f8       0xcd binaries/semdelete.o
                0x00000000001041f8                semdelete
 .text          0x00000000001042c5       0xcb binaries/semreset.o
                0x00000000001042c5                semreset
 .text          0x0000000000104390       0xe9 binaries/send.o
                0x0000000000104390                send
 .text          0x0000000000104479       0xa8 binaries/signal.o
                0x0000000000104479                signal
 .text          0x0000000000104521       0xd6 binaries/signaln.o
                0x0000000000104521                signaln
 .text          0x00000000001045f7      0x199 binaries/sleep.o
                0x00000000001045f7                sleep
                0x0000000000104645                sleepms
 .text          0x0000000000104790      0x18e binaries/stacktrace.o
                0x0000000000104790                stacktrace
 .text          0x000000000010491e      0x18e binaries/suspend.o
                0x000000000010491e                suspend
 .text          0x0000000000104aac       0xe5 binaries/unsleep.o
                0x0000000000104aac                unsleep
 .text          0x0000000000104b91       0x19 binaries/userret.o
                0x0000000000104b91                userret
 .text          0x0000000000104baa      0x186 binaries/wait.o
                0x0000000000104baa                wait
 .text          0x0000000000104d30      0x11a binaries/wakeup.o
                0x0000000000104d30                wakeup
 .text          0x0000000000104e4a       0x7b binaries/write.o
                0x0000000000104e4a                write
 .text          0x0000000000104ec5       0x1d binaries/xdone.o
                0x0000000000104ec5                xdone
 .text          0x0000000000104ee2       0xd0 binaries/yield.o
                0x0000000000104ee2                yield
 .text          0x0000000000104fb2       0x11 binaries/abs.o
                0x0000000000104fb2                abs
 .text          0x0000000000104fc3       0x8f binaries/atoi.o
                0x0000000000104fc3                atoi
 .text          0x0000000000105052       0x8f binaries/atol.o
                0x0000000000105052                atol
 .text          0x00000000001050e1       0x31 binaries/bzero.o
                0x00000000001050e1                bzero
 .text          0x0000000000105112        0x0 binaries/ctype_.o
 .text          0x0000000000105112      0x8ed binaries/doprnt.o
                0x0000000000105112                _doprnt
 .text          0x00000000001059ff      0x65c binaries/doscan.o
                0x00000000001059ff                _doscan
 .text          0x000000000010605b      0x711 binaries/fdoprnt.o
                0x000000000010605b                _fdoprnt
 .text          0x000000000010676c       0x29 binaries/fgetc.o
                0x000000000010676c                fgetc
 .text          0x0000000000106795       0x75 binaries/fgets.o
                0x0000000000106795                fgets
 .text          0x000000000010680a       0x2a binaries/fprintf.o
                0x000000000010680a                fprintf
 .text          0x0000000000106834       0x2c binaries/fputc.o
                0x0000000000106834                fputc
 .text          0x0000000000106860       0x43 binaries/fputs.o
                0x0000000000106860                fputs
 .text          0x00000000001068a3       0x8a binaries/fscanf.o
                0x00000000001068a3                fscanf
 .text          0x000000000010692d       0x30 binaries/getchar.o
                0x000000000010692d                getchar
 .text          0x000000000010695d       0x11 binaries/labs.o
                0x000000000010695d                labs
 .text          0x000000000010696e        0x0 binaries/memchr.o
 .text          0x000000000010696e       0x51 binaries/memcmp.o
                0x000000000010696e                memcmp
 .text          0x00000000001069bf       0x3f binaries/memcpy.o
                0x00000000001069bf                memcpy
 .text          0x00000000001069fe       0x30 binaries/memset.o
                0x00000000001069fe                memset
 .text          0x0000000000106a2e       0x46 binaries/printf.o
                0x0000000000106a2e                printf
 .text          0x0000000000106a74       0x33 binaries/putchar.o
                0x0000000000106a74                putchar
 .text          0x0000000000106aa7      0x27e binaries/qsort.o
                0x0000000000106aa7                qsort
 .text          0x0000000000106d25       0x63 binaries/rand.o
                0x0000000000106d25                rand
                0x0000000000106d3d                rand_r
                0x0000000000106d7b                srand
 .text          0x0000000000106d88       0x66 binaries/sprintf.o
                0x0000000000106d88                sprintf
 .text          0x0000000000106dee       0x70 binaries/sscanf.o
                0x0000000000106dee                sscanf
 .text          0x0000000000106e5e       0x3c binaries/strchr.o
                0x0000000000106e5e                strchr
 .text          0x0000000000106e9a       0x45 binaries/strcmp.o
                0x0000000000106e9a                strcmp
 .text          0x0000000000106edf       0x27 binaries/strcpy.o
                0x0000000000106edf                strcpy
 .text          0x0000000000106f06       0x26 binaries/strlen.o
                0x0000000000106f06                strlen
 .text          0x0000000000106f2c       0x56 binaries/strncat.o
                0x0000000000106f2c                strncat
 .text          0x0000000000106f82       0x5f binaries/strncmp.o
                0x0000000000106f82                strncmp
 .text          0x0000000000106fe1       0x4f binaries/strncpy.o
                0x0000000000106fe1                strncpy
 .text          0x0000000000107030       0x2e binaries/strnlen.o
                0x0000000000107030                strnlen
 .text          0x000000000010705e       0x45 binaries/strrchr.o
                0x000000000010705e                strrchr
 .text          0x00000000001070a3       0x6d binaries/strstr.o
                0x00000000001070a3                strstr
 .text          0x0000000000107110       0xe4 binaries/ttycontrol.o
                0x0000000000107110                ttycontrol
 .text          0x00000000001071f4       0x97 binaries/ttygetc.o
                0x00000000001071f4                ttygetc
 .text          0x000000000010728b      0x6ee binaries/ttyhandle_in.o
                0x000000000010728b                ttyhandle_in
 .text          0x0000000000107979      0x1ae binaries/ttyhandle_out.o
                0x0000000000107979                ttyhandle_out
 .text          0x0000000000107b27       0xce binaries/ttyhandler.o
                0x0000000000107b27                ttyhandler
 .text          0x0000000000107bf5      0x22f binaries/ttyinit.o
                0x0000000000107bf5                ttyinit
 .text          0x0000000000107e24       0x1b binaries/ttykickout.o
                0x0000000000107e24                ttykickout
 .text          0x0000000000107e3f       0xb7 binaries/ttyputc.o
                0x0000000000107e3f                ttyputc
 .text          0x0000000000107ef6      0x11b binaries/ttyread.o
                0x0000000000107ef6                ttyread
 .text          0x0000000000108011       0x4f binaries/ttywrite.o
                0x0000000000108011                ttywrite
 .text          0x0000000000108060      0x14b binaries/mount.o
                0x0000000000108060                mount
                0x0000000000108175                namlen
 .text          0x00000000001081ab      0x1ea binaries/naminit.o
                0x00000000001081ab                naminit
 .text          0x0000000000108395      0x211 binaries/nammap.o
                0x0000000000108395                nammap
                0x0000000000108420                namrepl
                0x0000000000108556                namcpy
 .text          0x00000000001085a6       0x4e binaries/namopen.o
                0x00000000001085a6                namopen
 .text          0x00000000001085f4      0xec3 binaries/82545EMInit.o
                0x0000000000108652                _82545EMInit
                0x0000000000109323                _82545EM_read_phy_reg
                0x00000000001093e9                _82545EM_write_phy_reg
 .text          0x00000000001094b7      0x241 binaries/ethcontrol.o
                0x0000000000109515                ethcontrol
                0x000000000010968b                ethIrqDisable
                0x00000000001096c0                ethIrqEnable
 .text          0x00000000001096f8      0x252 binaries/ethhandler.o
                0x0000000000109868                ethhandler
 .text          0x000000000010994a      0x126 binaries/ethinit.o
                0x000000000010994a                ethinit
 .text          0x0000000000109a70      0x1f4 binaries/ethread.o
                0x0000000000109ace                ethread
 .text          0x0000000000109c64      0x19f binaries/ethwrite.o
                0x0000000000109cc2                ethwrite
 .text          0x0000000000109e03       0x9e binaries/rdsbufalloc.o
                0x0000000000109e03                rdsbufalloc
 .text          0x0000000000109ea1       0xcc binaries/rdsclose.o
                0x0000000000109ea1                rdsclose
 .text          0x0000000000109f6d      0x2e8 binaries/rdscomm.o
                0x0000000000109f6d                rdscomm
 .text          0x000000000010a255      0x233 binaries/rdscontrol.o
                0x000000000010a255                rdscontrol
 .text          0x000000000010a488      0x1f3 binaries/rdsinit.o
                0x000000000010a488                rdsinit
 .text          0x000000000010a67b      0x19b binaries/rdsopen.o
                0x000000000010a67b                rdsopen
 .text          0x000000000010a816      0x461 binaries/rdsprocess.o
                0x000000000010a816                rdsprocess
 .text          0x000000000010ac77      0x259 binaries/rdsread.o
                0x000000000010ac77                rdsread
 .text          0x000000000010aed0      0x1fe binaries/rdswrite.o
                0x000000000010aed0                rdswrite
 .text          0x000000000010b0ce        0xa binaries/ramclose.o
                0x000000000010b0ce                ramclose
 .text          0x000000000010b0d8       0x3e binaries/raminit.o
                0x000000000010b0d8                raminit
 .text          0x000000000010b116        0xa binaries/ramopen.o
                0x000000000010b116                ramopen
 .text          0x000000000010b120       0x32 binaries/ramread.o
                0x000000000010b120                ramread
 .text          0x000000000010b152       0x32 binaries/ramwrite.o
                0x000000000010b152                ramwrite
 .text          0x000000000010b184       0x98 binaries/lfdballoc.o
                0x000000000010b184                lfdballoc
 .text          0x000000000010b21c       0x58 binaries/lfdbfree.o
                0x000000000010b21c                lfdbfree
 .text          0x000000000010b274       0xb6 binaries/lfflush.o
                0x000000000010b274                lfflush
 .text          0x000000000010b32a       0xd8 binaries/lfgetmode.o
                0x000000000010b32a                lfgetmode
 .text          0x000000000010b402       0x68 binaries/lfiballoc.o
                0x000000000010b402                lfiballoc
 .text          0x000000000010b46a       0x3b binaries/lfibclear.o
                0x000000000010b46a                lfibclear
 .text          0x000000000010b4a5       0xad binaries/lfibget.o
                0x000000000010b4a5                lfibget
 .text          0x000000000010b552       0xdc binaries/lfibput.o
                0x000000000010b552                lfibput
 .text          0x000000000010b62e       0xa2 binaries/lflclose.o
                0x000000000010b62e                lflclose
 .text          0x000000000010b6d0       0xd0 binaries/lflcontrol.o
                0x000000000010b6d0                lflcontrol
 .text          0x000000000010b7a0       0xf2 binaries/lflgetc.o
                0x000000000010b7a0                lflgetc
 .text          0x000000000010b892       0xf1 binaries/lflinit.o
                0x000000000010b892                lflinit
 .text          0x000000000010b983      0x122 binaries/lflputc.o
                0x000000000010b983                lflputc
 .text          0x000000000010baa5       0x70 binaries/lflread.o
                0x000000000010baa5                lflread
 .text          0x000000000010bb15       0xac binaries/lflseek.o
                0x000000000010bb15                lflseek
 .text          0x000000000010bbc1       0x55 binaries/lflwrite.o
                0x000000000010bbc1                lflwrite
 .text          0x000000000010bc16       0x62 binaries/lfscheck.o
                0x000000000010bc16                lfscheck
 .text          0x000000000010bc78      0x175 binaries/lfsckfmt.o
                0x000000000010bc78                lfsckfmt
 .text          0x000000000010bded      0x1ad binaries/lfscreate.o
                0x000000000010bded                lfscreate
 .text          0x000000000010bf9a      0x278 binaries/lfsetup.o
                0x000000000010bf9a                lfsetup
 .text          0x000000000010c212       0x51 binaries/lfsinit.o
                0x000000000010c212                lfsinit
 .text          0x000000000010c263      0x3c0 binaries/lfsopen.o
                0x000000000010c263                lfsopen
 .text          0x000000000010c623      0x15e binaries/lftruncate.o
                0x000000000010c623                lftruncate
 .text          0x000000000010c781       0x71 binaries/rflclose.o
                0x000000000010c781                rflclose
 .text          0x000000000010c7f2       0x32 binaries/rflgetc.o
                0x000000000010c7f2                rflgetc
 .text          0x000000000010c824       0x76 binaries/rflinit.o
                0x000000000010c824                rflinit
 .text          0x000000000010c89a       0x33 binaries/rflputc.o
                0x000000000010c89a                rflputc
 .text          0x000000000010c8cd      0x360 binaries/rflread.o
                0x000000000010c8cd                rflread
 .text          0x000000000010cc2d       0x74 binaries/rflseek.o
                0x000000000010cc2d                rflseek
 .text          0x000000000010cca1      0x34d binaries/rflwrite.o
                0x000000000010cca1                rflwrite
 .text          0x000000000010cfee      0x1e2 binaries/rfscomm.o
                0x000000000010cfee                rfscomm
 .text          0x000000000010d1d0      0x26d binaries/rfscontrol.o
                0x000000000010d1d0                rfscontrol
 .text          0x000000000010d43d       0xd8 binaries/rfsgetmode.o
                0x000000000010d43d                rfsgetmode
 .text          0x000000000010d515       0x86 binaries/rfsinit.o
                0x000000000010d515                rfsinit
 .text          0x000000000010d59b      0x111 binaries/rfsndmsg.o
                0x000000000010d59b                rfsndmsg
 .text          0x000000000010d6ac      0x2aa binaries/rfsopen.o
                0x000000000010d6ac                rfsopen
 .text          0x000000000010d956      0x836 binaries/arp.o
                0x000000000010d956                arp_init
                0x000000000010d988                arp_resolve
                0x000000000010dc3c                arp_in
                0x000000000010def4                arp_alloc
                0x000000000010dfb4                arp_ntoh
                0x000000000010e0a0                arp_hton
 .text          0x000000000010e18c      0x8e3 binaries/dhcp.o
                0x000000000010e18c                dhcp_get_opt_val
                0x000000000010e1e5                dhcp_bld_bootp_msg
                0x000000000010e2f2                dhcp_bld_disc
                0x000000000010e3db                dhcp_bld_req
                0x000000000010e54d                getlocalip
 .text          0x000000000010ea6f      0x59f binaries/dns.o
                0x000000000010ea6f                dnslookup
 .text          0x000000000010f00e       0xe8 binaries/dot2ip.o
                0x000000000010f00e                dot2ip
 .text          0x000000000010f0f6      0x4c4 binaries/hexdump.o
                0x000000000010f0f6                hexdump
                0x000000000010f29d                hexadump
 .text          0x000000000010f5ba      0x8af binaries/icmp.o
                0x000000000010f5ba                icmp_init
                0x000000000010f5f1                icmp_in
                0x000000000010f7c7                icmp_register
                0x000000000010f8c2                icmp_recv
                0x000000000010fa4e                icmp_send
                0x000000000010fad6                icmp_mkpkt
                0x000000000010fbf0                icmp_release
                0x000000000010fcee                icmp_cksum
                0x000000000010fd81                icmp_hton
                0x000000000010fdf5                icmp_ntoh
 .text          0x000000000010fe69      0x8a5 binaries/ip.o
                0x000000000010fe69                ip_in
                0x000000000010ffed                ip_send
                0x0000000000110148                ip_local
                0x0000000000110194                ip_out
                0x00000000001102cd                ipcksum
                0x0000000000110353                ip_ntoh
                0x000000000011043f                ip_hton
                0x000000000011052b                ipout
                0x000000000011065a                ip_enqueue
 .text          0x000000000011070e      0x2cd binaries/net.o
                0x000000000011070e                net_init
                0x0000000000110836                netin
                0x00000000001108f3                eth_hton
                0x000000000011091d                eth_ntoh
                0x0000000000110947                getport
 .text          0x00000000001109db     0x147f binaries/pdump.o
                0x00000000001109db                pdump
                0x0000000000111798                pdumph
 .text          0x0000000000111e5a      0x613 binaries/tftp.o
                0x0000000000111e5a                tftp_send1
                0x0000000000111fd2                tftpget
                0x0000000000112004                tftpget_mb
 .text          0x000000000011246d      0xb82 binaries/udp.o
                0x000000000011246d                udp_init
                0x00000000001124a2                udp_in
                0x00000000001125e4                udp_register
                0x0000000000112721                udp_recv
                0x00000000001128bd                udp_recvaddr
                0x0000000000112a71                udp_send
                0x0000000000112c59                udp_sendto
                0x0000000000112e0a                udp_release
                0x0000000000112f05                udp_ntoh
                0x0000000000112f7a                udp_hton
 .text          0x0000000000112fef      0x139 binaries/addargs.o
                0x0000000000112fef                addargs
 .text          0x0000000000113128      0x2c9 binaries/lexan.o
                0x0000000000113128                lexan
 .text          0x00000000001133f1      0x663 binaries/shell.o
                0x00000000001133f1                shell
 .text          0x0000000000113a54       0x69 binaries/xsh_argecho.o
                0x0000000000113a54                xsh_argecho
 .text          0x0000000000113abd      0x275 binaries/xsh_arp.o
                0x0000000000113abd                xsh_arp
 .text          0x0000000000113d32      0x269 binaries/xsh_cat.o
                0x0000000000113d32                xsh_cat
 .text          0x0000000000113f9b       0x5d binaries/xsh_clear.o
                0x0000000000113f9b                xsh_clear
 .text          0x0000000000113ff8      0x2f2 binaries/xsh_date.o
                0x0000000000113ff8                xsh_date
 .text          0x00000000001142ea       0xad binaries/xsh_devdump.o
                0x00000000001142ea                xsh_devdump
 .text          0x0000000000114397       0x72 binaries/xsh_echo.o
                0x0000000000114397                xsh_echo
 .text          0x0000000000114409        0xa binaries/xsh_exit.o
                0x0000000000114409                xsh_exit
 .text          0x0000000000114413      0x387 binaries/xsh_help.o
                0x0000000000114413                xsh_help
 .text          0x000000000011479a      0x244 binaries/xsh_kill.o
                0x000000000011479a                xsh_kill
 .text          0x00000000001149de      0x53f binaries/xsh_memdump.o
                0x00000000001149de                xsh_memdump
 .text          0x0000000000114f1d      0x2a9 binaries/xsh_memstat.o
                0x0000000000114f1d                xsh_memstat
 .text          0x00000000001151c6      0x509 binaries/xsh_netinfo.o
                0x00000000001151c6                xsh_netinfo
 .text          0x00000000001156cf      0x486 binaries/xsh_ping.o
                0x00000000001156cf                xsh_ping
 .text          0x0000000000115b55      0x249 binaries/xsh_ps.o
                0x0000000000115b55                xsh_ps
 .text          0x0000000000115d9e      0x220 binaries/xsh_sleep.o
                0x0000000000115d9e                xsh_sleep
 .text          0x0000000000115fbe      0x278 binaries/xsh_udpdump.o
                0x0000000000115fbe                xsh_udpdump
 .text          0x0000000000116236      0x4b5 binaries/xsh_udpecho.o
                0x0000000000116236                xsh_udpecho
 .text          0x00000000001166eb      0x2aa binaries/xsh_udpserver.o
                0x00000000001166eb                xsh_udpeserver
 .text          0x0000000000116995      0x1f1 binaries/xsh_uptime.o
                0x0000000000116995                xsh_uptime
 .text          0x0000000000116b86        0xe binaries/clkdisp.o
                0x0000000000116b86                clkdisp
 .text          0x0000000000116b94       0x19 binaries/ctxsw.o
                0x0000000000116b94                ctxsw
 .text          0x0000000000116bad      0x36b binaries/intr.o
                0x0000000000116bad                disable
                0x0000000000116bb6                restore
                0x0000000000116bc4                enable
                0x0000000000116bc6                pause
                0x0000000000116bcd                halt
                0x0000000000116bd3                spurious_irq7
                0x0000000000116bd8                spurious_irq15
                0x0000000000116be7                _Xint0
                0x0000000000116bf2                _Xint1
                0x0000000000116bfd                _Xint2
                0x0000000000116c08                _Xint3
                0x0000000000116c13                _Xint4
                0x0000000000116c1e                _Xint5
                0x0000000000116c29                _Xint6
                0x0000000000116c34                _Xint7
                0x0000000000116c3f                _Xint8
                0x0000000000116c4a                _Xint9
                0x0000000000116c55                _Xint10
                0x0000000000116c60                _Xint11
                0x0000000000116c6e                _Xint12
                0x0000000000116c7c                _Xint13
                0x0000000000116c8a                _Xint14
                0x0000000000116c98                _Xint15
                0x0000000000116ca6                _Xint16
                0x0000000000116cb4                _Xint17
                0x0000000000116cc2                _Xint18
                0x0000000000116cd0                _Xint19
                0x0000000000116cde                _Xint20
                0x0000000000116cec                _Xint21
                0x0000000000116cfa                _Xint22
                0x0000000000116d08                _Xint23
                0x0000000000116d16                _Xint24
                0x0000000000116d24                _Xint25
                0x0000000000116d32                _Xint26
                0x0000000000116d40                _Xint27
                0x0000000000116d4e                _Xint28
                0x0000000000116d5c                _Xint29
                0x0000000000116d6a                _Xint30
                0x0000000000116d78                _Xint31
                0x0000000000116d86                _Xint32
                0x0000000000116d94                _Xint33
                0x0000000000116da2                _Xint34
                0x0000000000116db0                _Xint35
                0x0000000000116dbe                _Xint36
                0x0000000000116dcc                _Xint37
                0x0000000000116dda                _Xint38
                0x0000000000116de8                _Xint39
                0x0000000000116df6                _Xint40
                0x0000000000116e04                _Xint41
                0x0000000000116e12                _Xint42
                0x0000000000116e20                _Xint43
                0x0000000000116e2e                _Xint44
                0x0000000000116e3c                _Xint45
                0x0000000000116e4a                _Xint46
                0x0000000000116e58                defevec
 .text          0x0000000000116f18        0xf binaries/ttydispatch.o
                0x0000000000116f18                ttydispatch
 .text          0x0000000000116f27       0x13 binaries/ethdispatch.o
                0x0000000000116f27                ethdispatch
 *(.rodata .rodata.*)
 *fill*         0x0000000000116f3a        0x2 
 .rodata        0x0000000000116f3c       0x8e binaries/ascdate.o
 .rodata        0x0000000000116fca       0xae binaries/conf.o
 .rodata        0x0000000000117078      0x22f binaries/evec.o
 .rodata        0x00000000001172a7       0x57 binaries/fork.o
 *fill*         0x00000000001172fe        0x2 
 .rodata        0x0000000000117300       0x61 binaries/getutime.o
 *fill*         0x0000000000117361        0x3 
 .rodata        0x0000000000117364       0x90 binaries/i386.o
 .rodata        0x00000000001173f4      0x180 binaries/initialize.o
 .rodata        0x0000000000117574       0x20 binaries/kill.o
 .rodata        0x0000000000117594       0x6e binaries/main.o
 .rodata        0x0000000000117602        0xf binaries/panic.o
 *fill*         0x0000000000117611        0x3 
 .rodata        0x0000000000117614      0x1ec binaries/pci.o
 .rodata        0x0000000000117800      0x1c0 binaries/pr_status_sycall_summary.o
 .rodata        0x00000000001179c0       0x1d binaries/ptinit.o
 *fill*         0x00000000001179dd        0x3 
 .rodata        0x00000000001179e0       0x25 binaries/ptsend.o
 *fill*         0x0000000000117a05        0x3 
 .rodata        0x0000000000117a08       0xb7 binaries/stacktrace.o
 *fill*         0x0000000000117abf        0x1 
 .rodata        0x0000000000117ac0       0x27 binaries/xdone.o
 *fill*         0x0000000000117ae7       0x19 
 .rodata        0x0000000000117b00       0x81 binaries/ctype_.o
                0x0000000000117b00                _ctype_
 *fill*         0x0000000000117b81        0x3 
 .rodata        0x0000000000117b84       0xee binaries/doprnt.o
 *fill*         0x0000000000117c72        0x2 
 .rodata        0x0000000000117c74       0x98 binaries/doscan.o
 .rodata        0x0000000000117d0c       0xae binaries/fdoprnt.o
 *fill*         0x0000000000117dba        0x2 
 .rodata        0x0000000000117dbc       0x20 binaries/ttycontrol.o
 .rodata        0x0000000000117ddc       0x34 binaries/ttyhandler.o
 .rodata        0x0000000000117e10       0x80 binaries/naminit.o
 .rodata        0x0000000000117e90       0x2e binaries/82545EMInit.o
 *fill*         0x0000000000117ebe        0x2 
 .rodata        0x0000000000117ec0       0x78 binaries/ethinit.o
 .rodata        0x0000000000117f38       0x18 binaries/ethread.o
 .rodata        0x0000000000117f50       0x2c binaries/rdsbufalloc.o
 .rodata        0x0000000000117f7c       0x76 binaries/rdscomm.o
 *fill*         0x0000000000117ff2        0x2 
 .rodata        0x0000000000117ff4       0x48 binaries/rdscontrol.o
 .rodata        0x000000000011803c       0x96 binaries/rdsinit.o
 *fill*         0x00000000001180d2        0x2 
 .rodata        0x00000000001180d4       0x22 binaries/rdsopen.o
 *fill*         0x00000000001180f6        0x2 
 .rodata        0x00000000001180f8       0x4d binaries/rdsprocess.o
 .rodata        0x0000000000118145        0x9 binaries/raminit.o
 *fill*         0x000000000011814e        0x2 
 .rodata        0x0000000000118150       0x37 binaries/lfdballoc.o
 .rodata        0x0000000000118187       0x14 binaries/lfiballoc.o
 *fill*         0x000000000011819b        0x1 
 .rodata        0x000000000011819c       0x23 binaries/lflcontrol.o
 *fill*         0x00000000001181bf        0x1 
 .rodata        0x00000000001181c0      0x11b binaries/lfsckfmt.o
 *fill*         0x00000000001182db        0x1 
 .rodata        0x00000000001182dc       0x2a binaries/lfsopen.o
 *fill*         0x0000000000118306        0x2 
 .rodata        0x0000000000118308       0x21 binaries/rflread.o
 *fill*         0x0000000000118329        0x3 
 .rodata        0x000000000011832c       0x21 binaries/rflwrite.o
 *fill*         0x000000000011834d        0x3 
 .rodata        0x0000000000118350       0x75 binaries/rfscomm.o
 *fill*         0x00000000001183c5        0x3 
 .rodata        0x00000000001183c8       0x3c binaries/rfscontrol.o
 .rodata        0x0000000000118404       0x63 binaries/rfsinit.o
 *fill*         0x0000000000118467        0x1 
 .rodata        0x0000000000118468       0x2a binaries/rfsndmsg.o
 *fill*         0x0000000000118492        0x2 
 .rodata        0x0000000000118494       0x22 binaries/rfsopen.o
 *fill*         0x00000000001184b6        0x2 
 .rodata        0x00000000001184b8       0x3a binaries/arp.o
 *fill*         0x00000000001184f2        0x2 
 .rodata        0x00000000001184f4       0xcf binaries/dhcp.o
 .rodata        0x00000000001185c3       0x1a binaries/dns.o
 *fill*         0x00000000001185dd        0x3 
 .rodata        0x00000000001185e0       0xc9 binaries/hexdump.o
 *fill*         0x00000000001186a9        0x3 
 .rodata        0x00000000001186ac       0x29 binaries/icmp.o
 *fill*         0x00000000001186d5        0x3 
 .rodata        0x00000000001186d8       0x6e binaries/ip.o
 *fill*         0x0000000000118746        0x2 
 .rodata        0x0000000000118748       0x4f binaries/net.o
 *fill*         0x0000000000118797        0x1 
 .rodata        0x0000000000118798      0x26f binaries/pdump.o
 *fill*         0x0000000000118a07        0x1 
 .rodata        0x0000000000118a08      0x154 binaries/tftp.o
 *fill*         0x0000000000118b5c        0x4 
 .rodata        0x0000000000118b60      0x3c1 binaries/shell.o
                0x0000000000118be0                cmdtab
 .rodata        0x0000000000118f21       0x28 binaries/xsh_argecho.o
 *fill*         0x0000000000118f49        0x3 
 .rodata        0x0000000000118f4c      0x123 binaries/xsh_arp.o
 *fill*         0x000000000011906f        0x1 
 .rodata        0x0000000000119070       0xc9 binaries/xsh_cat.o
 .rodata        0x0000000000119139       0x19 binaries/xsh_clear.o
 *fill*         0x0000000000119152        0x2 
 .rodata        0x0000000000119154      0x1c3 binaries/xsh_date.o
 .rodata        0x0000000000119317       0x5d binaries/xsh_devdump.o
 .rodata        0x0000000000119374        0x9 binaries/xsh_echo.o
 *fill*         0x000000000011937d        0x3 
 .rodata        0x0000000000119380      0x169 binaries/xsh_help.o
 *fill*         0x00000000001194e9        0x3 
 .rodata        0x00000000001194ec      0x12e binaries/xsh_kill.o
 *fill*         0x000000000011961a        0x2 
 .rodata        0x000000000011961c      0x266 binaries/xsh_memdump.o
 *fill*         0x0000000000119882        0x2 
 .rodata        0x0000000000119884      0x225 binaries/xsh_memstat.o
 *fill*         0x0000000000119aa9        0x3 
 .rodata        0x0000000000119aac      0x1b0 binaries/xsh_netinfo.o
 .rodata        0x0000000000119c5c      0x1a1 binaries/xsh_ping.o
 *fill*         0x0000000000119dfd        0x3 
 .rodata        0x0000000000119e00      0x200 binaries/xsh_ps.o
 .rodata        0x000000000011a000       0xeb binaries/xsh_sleep.o
 *fill*         0x000000000011a0eb        0x1 
 .rodata        0x000000000011a0ec      0x1b8 binaries/xsh_udpdump.o
 .rodata        0x000000000011a2a4      0x215 binaries/xsh_udpecho.o
 *fill*         0x000000000011a4b9        0x3 
 .rodata        0x000000000011a4bc      0x12b binaries/xsh_udpserver.o
 *fill*         0x000000000011a5e7        0x1 
 .rodata        0x000000000011a5e8      0x105 binaries/xsh_uptime.o
                0x000000000011a6ed                etext = ABSOLUTE (.)
                0x000000000011b000                . = ALIGN (0x1000)
 *fill*         0x000000000011a6ed      0x913 

.eh_frame       0x000000000011b000     0x2cec
 .eh_frame      0x000000000011b000       0x38 binaries/ascdate.o
 .eh_frame      0x000000000011b038       0x20 binaries/bufinit.o
                                         0x38 (size before relaxing)
 .eh_frame      0x000000000011b058       0x20 binaries/chprio.o
                                         0x38 (size before relaxing)
 .eh_frame      0x000000000011b078       0x20 binaries/clkhandler.o
                                         0x38 (size before relaxing)
 .eh_frame      0x000000000011b098       0x20 binaries/clkinit.o
                                         0x38 (size before relaxing)
 .eh_frame      0x000000000011b0b8       0x20 binaries/close.o
                                         0x38 (size before relaxing)
 .eh_frame      0x000000000011b0d8       0x20 binaries/control.o
                                         0x38 (size before relaxing)
 .eh_frame      0x000000000011b0f8       0x4c binaries/create.o
                                         0x64 (size before relaxing)
 .eh_frame      0x000000000011b144       0x60 binaries/evec.o
                                         0x78 (size before relaxing)
 .eh_frame      0x000000000011b1a4       0x20 binaries/exit.o
                                         0x38 (size before relaxing)
 .eh_frame      0x000000000011b1c4       0x20 binaries/fork.o
                                         0x38 (size before relaxing)
 .eh_frame      0x000000000011b1e4       0x20 binaries/freebuf.o
                                         0x38 (size before relaxing)
 .eh_frame      0x000000000011b204       0x20 binaries/freemem.o
                                         0x38 (size before relaxing)
 .eh_frame      0x000000000011b224       0x20 binaries/getbuf.o
                                         0x38 (size before relaxing)
 .eh_frame      0x000000000011b244       0x20 binaries/getc.o
                                         0x38 (size before relaxing)
 .eh_frame      0x000000000011b264       0x20 binaries/getdev.o
                                         0x38 (size before relaxing)
 .eh_frame      0x000000000011b284       0x60 binaries/getitem.o
                                         0x78 (size before relaxing)
 .eh_frame      0x000000000011b2e4       0x20 binaries/getmem.o
                                         0x38 (size before relaxing)
 .eh_frame      0x000000000011b304       0x20 binaries/getpid.o
                                         0x38 (size before relaxing)
 .eh_frame      0x000000000011b324       0x20 binaries/getprio.o
                                         0x38 (size before relaxing)
 .eh_frame      0x000000000011b344       0x20 binaries/getstk.o
                                         0x38 (size before relaxing)
 .eh_frame      0x000000000011b364       0x20 binaries/getticks.o
                                         0x38 (size before relaxing)
 .eh_frame      0x000000000011b384       0x20 binaries/gettime.o
                                         0x38 (size before relaxing)
 .eh_frame      0x000000000011b3a4       0x20 binaries/getutime.o
                                         0x38 (size before relaxing)
 .eh_frame      0x000000000011b3c4       0x8c binaries/i386.o
                                         0xa4 (size before relaxing)
 .eh_frame      0x000000000011b450       0x20 binaries/init.o
                                         0x38 (size before relaxing)
 .eh_frame      0x000000000011b470       0xa0 binaries/initialize.o
                                         0xb8 (size before relaxing)
 .eh_frame      0x000000000011b510       0x20 binaries/insert.o
                                         0x38 (size before relaxing)
 .eh_frame      0x000000000011b530       0x20 binaries/insertd.o
                                         0x38 (size before relaxing)
 .eh_frame      0x000000000011b550       0x20 binaries/ioerr.o
                                         0x38 (size before relaxing)
 .eh_frame      0x000000000011b570       0x20 binaries/ionull.o
                                         0x38 (size before relaxing)
 .eh_frame      0x000000000011b590       0x2c binaries/kill.o
                                         0x44 (size before relaxing)
 .eh_frame      0x000000000011b5bc       0x60 binaries/kprintf.o
                                         0x78 (size before relaxing)
 .eh_frame      0x000000000011b61c       0x44 binaries/main.o
                                         0x5c (size before relaxing)
 .eh_frame      0x000000000011b660       0x40 binaries/mark.o
                                         0x58 (size before relaxing)
 .eh_frame      0x000000000011b6a0       0x20 binaries/meminit.o
                                         0x38 (size before relaxing)
 .eh_frame      0x000000000011b6c0       0x20 binaries/mkbufpool.o
                                         0x38 (size before relaxing)
 .eh_frame      0x000000000011b6e0       0x20 binaries/newqueue.o
                                         0x38 (size before relaxing)
 .eh_frame      0x000000000011b700       0x20 binaries/open.o
                                         0x38 (size before relaxing)
 .eh_frame      0x000000000011b720       0x1c binaries/panic.o
                                         0x34 (size before relaxing)
 .eh_frame      0x000000000011b73c      0x1c8 binaries/pci.o
                                        0x1e0 (size before relaxing)
 .eh_frame      0x000000000011b904       0x2c binaries/pr_status_sycall_summary.o
                                         0x44 (size before relaxing)
 .eh_frame      0x000000000011b930       0x20 binaries/ptclear.o
                                         0x38 (size before relaxing)
 .eh_frame      0x000000000011b950       0x20 binaries/ptcount.o
                                         0x38 (size before relaxing)
 .eh_frame      0x000000000011b970       0x20 binaries/ptcreate.o
                                         0x38 (size before relaxing)
 .eh_frame      0x000000000011b990       0x20 binaries/ptdelete.o
                                         0x38 (size before relaxing)
 .eh_frame      0x000000000011b9b0       0x20 binaries/ptinit.o
                                         0x38 (size before relaxing)
 .eh_frame      0x000000000011b9d0       0x20 binaries/ptrecv.o
                                         0x38 (size before relaxing)
 .eh_frame      0x000000000011b9f0       0x20 binaries/ptreset.o
                                         0x38 (size before relaxing)
 .eh_frame      0x000000000011ba10       0x20 binaries/ptsend.o
                                         0x38 (size before relaxing)
 .eh_frame      0x000000000011ba30       0x20 binaries/putc.o
                                         0x38 (size before relaxing)
 .eh_frame      0x000000000011ba50       0x40 binaries/queue.o
                                         0x58 (size before relaxing)
 .eh_frame      0x000000000011ba90       0x20 binaries/read.o
                                         0x38 (size before relaxing)
 .eh_frame      0x000000000011bab0       0x2c binaries/ready.o
                                         0x44 (size before relaxing)
 .eh_frame      0x000000000011badc       0x20 binaries/receive.o
                                         0x38 (size before relaxing)
 .eh_frame      0x000000000011bafc       0x20 binaries/recvclr.o
                                         0x38 (size before relaxing)
 .eh_frame      0x000000000011bb1c       0x20 binaries/recvtime.o
                                         0x38 (size before relaxing)
 .eh_frame      0x000000000011bb3c       0x40 binaries/resched.o
                                         0x58 (size before relaxing)
 .eh_frame      0x000000000011bb7c       0x20 binaries/resume.o
                                         0x38 (size before relaxing)
 .eh_frame      0x000000000011bb9c       0x20 binaries/seek.o
                                         0x38 (size before relaxing)
 .eh_frame      0x000000000011bbbc       0x20 binaries/semcount.o
                                         0x38 (size before relaxing)
 .eh_frame      0x000000000011bbdc       0x40 binaries/semcreate.o
                                         0x58 (size before relaxing)
 .eh_frame      0x000000000011bc1c       0x20 binaries/semdelete.o
                                         0x38 (size before relaxing)
 .eh_frame      0x000000000011bc3c       0x20 binaries/semreset.o
                                         0x38 (size before relaxing)
 .eh_frame      0x000000000011bc5c       0x20 binaries/send.o
                                         0x38 (size before relaxing)
 .eh_frame      0x000000000011bc7c       0x20 binaries/signal.o
                                         0x38 (size before relaxing)
 .eh_frame      0x000000000011bc9c       0x20 binaries/signaln.o
                                         0x38 (size before relaxing)
 .eh_frame      0x000000000011bcbc       0x4c binaries/sleep.o
                                         0x64 (size before relaxing)
 .eh_frame      0x000000000011bd08       0x20 binaries/stacktrace.o
                                         0x38 (size before relaxing)
 .eh_frame      0x000000000011bd28       0x2c binaries/suspend.o
                                         0x44 (size before relaxing)
 .eh_frame      0x000000000011bd54       0x20 binaries/unsleep.o
                                         0x38 (size before relaxing)
 .eh_frame      0x000000000011bd74       0x20 binaries/userret.o
                                         0x38 (size before relaxing)
 .eh_frame      0x000000000011bd94       0x2c binaries/wait.o
                                         0x44 (size before relaxing)
 .eh_frame      0x000000000011bdc0       0x2c binaries/wakeup.o
                                         0x44 (size before relaxing)
 .eh_frame      0x000000000011bdec       0x20 binaries/write.o
                                         0x38 (size before relaxing)
 .eh_frame      0x000000000011be0c       0x20 binaries/xdone.o
                                         0x38 (size before relaxing)
 .eh_frame      0x000000000011be2c       0x28 binaries/yield.o
                                         0x40 (size before relaxing)
 .eh_frame      0x000000000011be54       0x20 binaries/abs.o
                                         0x38 (size before relaxing)
 .eh_frame      0x000000000011be74       0x20 binaries/atoi.o
                                         0x38 (size before relaxing)
 .eh_frame      0x000000000011be94       0x20 binaries/atol.o
                                         0x38 (size before relaxing)
 .eh_frame      0x000000000011beb4       0x20 binaries/bzero.o
                                         0x38 (size before relaxing)
 .eh_frame      0x000000000011bed4       0xe0 binaries/doprnt.o
                                         0xf8 (size before relaxing)
 .eh_frame      0x000000000011bfb4       0xb0 binaries/doscan.o
                                         0xc8 (size before relaxing)
 .eh_frame      0x000000000011c064       0xc0 binaries/fdoprnt.o
                                         0xd8 (size before relaxing)
 .eh_frame      0x000000000011c124       0x20 binaries/fgetc.o
                                         0x38 (size before relaxing)
 .eh_frame      0x000000000011c144       0x20 binaries/fgets.o
                                         0x38 (size before relaxing)
 .eh_frame      0x000000000011c164       0x20 binaries/fprintf.o
                                         0x38 (size before relaxing)
 .eh_frame      0x000000000011c184       0x20 binaries/fputc.o
                                         0x38 (size before relaxing)
 .eh_frame      0x000000000011c1a4       0x20 binaries/fputs.o
                                         0x38 (size before relaxing)
 .eh_frame      0x000000000011c1c4       0x60 binaries/fscanf.o
                                         0x78 (size before relaxing)
 .eh_frame      0x000000000011c224       0x20 binaries/getchar.o
                                         0x38 (size before relaxing)
 .eh_frame      0x000000000011c244       0x20 binaries/labs.o
                                         0x38 (size before relaxing)
 .eh_frame      0x000000000011c264       0x20 binaries/memcmp.o
                                         0x38 (size before relaxing)
 .eh_frame      0x000000000011c284       0x24 binaries/memcpy.o
                                         0x3c (size before relaxing)
 .eh_frame      0x000000000011c2a8       0x24 binaries/memset.o
                                         0x3c (size before relaxing)
 .eh_frame      0x000000000011c2cc       0x20 binaries/printf.o
                                         0x38 (size before relaxing)
 .eh_frame      0x000000000011c2ec       0x20 binaries/putchar.o
                                         0x38 (size before relaxing)
 .eh_frame      0x000000000011c30c       0xa8 binaries/qsort.o
                                         0xc0 (size before relaxing)
 .eh_frame      0x000000000011c3b4       0x60 binaries/rand.o
                                         0x78 (size before relaxing)
 .eh_frame      0x000000000011c414       0x40 binaries/sprintf.o
                                         0x58 (size before relaxing)
 .eh_frame      0x000000000011c454       0x60 binaries/sscanf.o
                                         0x78 (size before relaxing)
 .eh_frame      0x000000000011c4b4       0x20 binaries/strchr.o
                                         0x38 (size before relaxing)
 .eh_frame      0x000000000011c4d4       0x20 binaries/strcmp.o
                                         0x38 (size before relaxing)
 .eh_frame      0x000000000011c4f4       0x20 binaries/strcpy.o
                                         0x38 (size before relaxing)
 .eh_frame      0x000000000011c514       0x20 binaries/strlen.o
                                         0x38 (size before relaxing)
 .eh_frame      0x000000000011c534       0x20 binaries/strncat.o
                                         0x38 (size before relaxing)
 .eh_frame      0x000000000011c554       0x20 binaries/strncmp.o
                                         0x38 (size before relaxing)
 .eh_frame      0x000000000011c574       0x28 binaries/strncpy.o
                                         0x40 (size before relaxing)
 .eh_frame      0x000000000011c59c       0x20 binaries/strnlen.o
                                         0x38 (size before relaxing)
 .eh_frame      0x000000000011c5bc       0x20 binaries/strrchr.o
                                         0x38 (size before relaxing)
 .eh_frame      0x000000000011c5dc       0x20 binaries/strstr.o
                                         0x38 (size before relaxing)
 .eh_frame      0x000000000011c5fc       0x20 binaries/ttycontrol.o
                                         0x38 (size before relaxing)
 .eh_frame      0x000000000011c61c       0x20 binaries/ttygetc.o
                                         0x38 (size before relaxing)
 .eh_frame      0x000000000011c63c       0x80 binaries/ttyhandle_in.o
                                         0x98 (size before relaxing)
 .eh_frame      0x000000000011c6bc       0x20 binaries/ttyhandle_out.o
                                         0x38 (size before relaxing)
 .eh_frame      0x000000000011c6dc       0x20 binaries/ttyhandler.o
                                         0x38 (size before relaxing)
 .eh_frame      0x000000000011c6fc       0x20 binaries/ttyinit.o
                                         0x38 (size before relaxing)
 .eh_frame      0x000000000011c71c       0x20 binaries/ttykickout.o
                                         0x38 (size before relaxing)
 .eh_frame      0x000000000011c73c       0x20 binaries/ttyputc.o
                                         0x38 (size before relaxing)
 .eh_frame      0x000000000011c75c       0x24 binaries/ttyread.o
                                         0x3c (size before relaxing)
 .eh_frame      0x000000000011c780       0x20 binaries/ttywrite.o
                                         0x38 (size before relaxing)
 .eh_frame      0x000000000011c7a0       0x40 binaries/mount.o
                                         0x58 (size before relaxing)
 .eh_frame      0x000000000011c7e0       0x20 binaries/naminit.o
                                         0x38 (size before relaxing)
 .eh_frame      0x000000000011c800       0x60 binaries/nammap.o
                                         0x78 (size before relaxing)
 .eh_frame      0x000000000011c860       0x20 binaries/namopen.o
                                         0x38 (size before relaxing)
 .eh_frame      0x000000000011c880      0x150 binaries/82545EMInit.o
                                        0x168 (size before relaxing)
 .eh_frame      0x000000000011c9d0       0xa0 binaries/ethcontrol.o
                                         0xb8 (size before relaxing)
 .eh_frame      0x000000000011ca70       0x80 binaries/ethhandler.o
                                         0x98 (size before relaxing)
 .eh_frame      0x000000000011caf0       0x20 binaries/ethinit.o
                                         0x38 (size before relaxing)
 .eh_frame      0x000000000011cb10       0x60 binaries/ethread.o
                                         0x78 (size before relaxing)
 .eh_frame      0x000000000011cb70       0x60 binaries/ethwrite.o
                                         0x78 (size before relaxing)
 .eh_frame      0x000000000011cbd0       0x20 binaries/rdsbufalloc.o
                                         0x38 (size before relaxing)
 .eh_frame      0x000000000011cbf0       0x20 binaries/rdsclose.o
                                         0x38 (size before relaxing)
 .eh_frame      0x000000000011cc10       0x20 binaries/rdscomm.o
                                         0x38 (size before relaxing)
 .eh_frame      0x000000000011cc30       0x20 binaries/rdscontrol.o
                                         0x38 (size before relaxing)
 .eh_frame      0x000000000011cc50       0x20 binaries/rdsinit.o
                                         0x38 (size before relaxing)
 .eh_frame      0x000000000011cc70       0x20 binaries/rdsopen.o
                                         0x38 (size before relaxing)
 .eh_frame      0x000000000011cc90       0x1c binaries/rdsprocess.o
                                         0x34 (size before relaxing)
 .eh_frame      0x000000000011ccac       0x20 binaries/rdsread.o
                                         0x38 (size before relaxing)
 .eh_frame      0x000000000011cccc       0x20 binaries/rdswrite.o
                                         0x38 (size before relaxing)
 .eh_frame      0x000000000011ccec       0x20 binaries/ramclose.o
                                         0x38 (size before relaxing)
 .eh_frame      0x000000000011cd0c       0x20 binaries/raminit.o
                                         0x38 (size before relaxing)
 .eh_frame      0x000000000011cd2c       0x20 binaries/ramopen.o
                                         0x38 (size before relaxing)
 .eh_frame      0x000000000011cd4c       0x20 binaries/ramread.o
                                         0x38 (size before relaxing)
 .eh_frame      0x000000000011cd6c       0x20 binaries/ramwrite.o
                                         0x38 (size before relaxing)
 .eh_frame      0x000000000011cd8c       0x20 binaries/lfdballoc.o
                                         0x38 (size before relaxing)
 .eh_frame      0x000000000011cdac       0x20 binaries/lfdbfree.o
                                         0x38 (size before relaxing)
 .eh_frame      0x000000000011cdcc       0x20 binaries/lfflush.o
                                         0x38 (size before relaxing)
 .eh_frame      0x000000000011cdec       0x20 binaries/lfgetmode.o
                                         0x38 (size before relaxing)
 .eh_frame      0x000000000011ce0c       0x20 binaries/lfiballoc.o
                                         0x38 (size before relaxing)
 .eh_frame      0x000000000011ce2c       0x20 binaries/lfibclear.o
                                         0x38 (size before relaxing)
 .eh_frame      0x000000000011ce4c       0x20 binaries/lfibget.o
                                         0x38 (size before relaxing)
 .eh_frame      0x000000000011ce6c       0x20 binaries/lfibput.o
                                         0x38 (size before relaxing)
 .eh_frame      0x000000000011ce8c       0x20 binaries/lflclose.o
                                         0x38 (size before relaxing)
 .eh_frame      0x000000000011ceac       0x20 binaries/lflcontrol.o
                                         0x38 (size before relaxing)
 .eh_frame      0x000000000011cecc       0x20 binaries/lflgetc.o
                                         0x38 (size before relaxing)
 .eh_frame      0x000000000011ceec       0x20 binaries/lflinit.o
                                         0x38 (size before relaxing)
 .eh_frame      0x000000000011cf0c       0x20 binaries/lflputc.o
                                         0x38 (size before relaxing)
 .eh_frame      0x000000000011cf2c       0x20 binaries/lflread.o
                                         0x38 (size before relaxing)
 .eh_frame      0x000000000011cf4c       0x20 binaries/lflseek.o
                                         0x38 (size before relaxing)
 .eh_frame      0x000000000011cf6c       0x20 binaries/lflwrite.o
                                         0x38 (size before relaxing)
 .eh_frame      0x000000000011cf8c       0x20 binaries/lfscheck.o
                                         0x38 (size before relaxing)
 .eh_frame      0x000000000011cfac       0x20 binaries/lfsckfmt.o
                                         0x38 (size before relaxing)
 .eh_frame      0x000000000011cfcc       0x20 binaries/lfscreate.o
                                         0x38 (size before relaxing)
 .eh_frame      0x000000000011cfec       0x20 binaries/lfsetup.o
                                         0x38 (size before relaxing)
 .eh_frame      0x000000000011d00c       0x20 binaries/lfsinit.o
                                         0x38 (size before relaxing)
 .eh_frame      0x000000000011d02c       0x20 binaries/lfsopen.o
                                         0x38 (size before relaxing)
 .eh_frame      0x000000000011d04c       0x20 binaries/lftruncate.o
                                         0x38 (size before relaxing)
 .eh_frame      0x000000000011d06c       0x20 binaries/rflclose.o
                                         0x38 (size before relaxing)
 .eh_frame      0x000000000011d08c       0x20 binaries/rflgetc.o
                                         0x38 (size before relaxing)
 .eh_frame      0x000000000011d0ac       0x20 binaries/rflinit.o
                                         0x38 (size before relaxing)
 .eh_frame      0x000000000011d0cc       0x20 binaries/rflputc.o
                                         0x38 (size before relaxing)
 .eh_frame      0x000000000011d0ec       0x20 binaries/rflread.o
                                         0x38 (size before relaxing)
 .eh_frame      0x000000000011d10c       0x20 binaries/rflseek.o
                                         0x38 (size before relaxing)
 .eh_frame      0x000000000011d12c       0x20 binaries/rflwrite.o
                                         0x38 (size before relaxing)
 .eh_frame      0x000000000011d14c       0x20 binaries/rfscomm.o
                                         0x38 (size before relaxing)
 .eh_frame      0x000000000011d16c       0x20 binaries/rfscontrol.o
                                         0x38 (size before relaxing)
 .eh_frame      0x000000000011d18c       0x20 binaries/rfsgetmode.o
                                         0x38 (size before relaxing)
 .eh_frame      0x000000000011d1ac       0x20 binaries/rfsinit.o
                                         0x38 (size before relaxing)
 .eh_frame      0x000000000011d1cc       0x20 binaries/rfsndmsg.o
                                         0x38 (size before relaxing)
 .eh_frame      0x000000000011d1ec       0x20 binaries/rfsopen.o
                                         0x38 (size before relaxing)
 .eh_frame      0x000000000011d20c       0xc0 binaries/arp.o
                                         0xd8 (size before relaxing)
 .eh_frame      0x000000000011d2cc       0xa0 binaries/dhcp.o
                                         0xb8 (size before relaxing)
 .eh_frame      0x000000000011d36c       0x80 binaries/dns.o
                                         0x98 (size before relaxing)
 .eh_frame      0x000000000011d3ec       0x20 binaries/dot2ip.o
                                         0x38 (size before relaxing)
 .eh_frame      0x000000000011d40c       0x40 binaries/hexdump.o
                                         0x58 (size before relaxing)
 .eh_frame      0x000000000011d44c      0x14c binaries/icmp.o
                                        0x164 (size before relaxing)
 .eh_frame      0x000000000011d598      0x11c binaries/ip.o
                                        0x134 (size before relaxing)
 .eh_frame      0x000000000011d6b4       0xa0 binaries/net.o
                                         0xb8 (size before relaxing)
 .eh_frame      0x000000000011d754       0x60 binaries/pdump.o
                                         0x78 (size before relaxing)
 .eh_frame      0x000000000011d7b4       0x60 binaries/tftp.o
                                         0x78 (size before relaxing)
 .eh_frame      0x000000000011d814      0x140 binaries/udp.o
                                        0x158 (size before relaxing)
 .eh_frame      0x000000000011d954       0x20 binaries/addargs.o
                                         0x38 (size before relaxing)
 .eh_frame      0x000000000011d974       0x20 binaries/lexan.o
                                         0x38 (size before relaxing)
 .eh_frame      0x000000000011d994       0x20 binaries/shell.o
                                         0x38 (size before relaxing)
 .eh_frame      0x000000000011d9b4       0x20 binaries/xsh_argecho.o
                                         0x38 (size before relaxing)
 .eh_frame      0x000000000011d9d4       0x40 binaries/xsh_arp.o
                                         0x58 (size before relaxing)
 .eh_frame      0x000000000011da14       0x20 binaries/xsh_cat.o
                                         0x38 (size before relaxing)
 .eh_frame      0x000000000011da34       0x20 binaries/xsh_clear.o
                                         0x38 (size before relaxing)
 .eh_frame      0x000000000011da54       0x20 binaries/xsh_date.o
                                         0x38 (size before relaxing)
 .eh_frame      0x000000000011da74       0x20 binaries/xsh_devdump.o
                                         0x38 (size before relaxing)
 .eh_frame      0x000000000011da94       0x20 binaries/xsh_echo.o
                                         0x38 (size before relaxing)
 .eh_frame      0x000000000011dab4       0x20 binaries/xsh_exit.o
                                         0x38 (size before relaxing)
 .eh_frame      0x000000000011dad4       0x20 binaries/xsh_help.o
                                         0x38 (size before relaxing)
 .eh_frame      0x000000000011daf4       0x20 binaries/xsh_kill.o
                                         0x38 (size before relaxing)
 .eh_frame      0x000000000011db14       0x40 binaries/xsh_memdump.o
                                         0x58 (size before relaxing)
 .eh_frame      0x000000000011db54       0x60 binaries/xsh_memstat.o
                                         0x78 (size before relaxing)
 .eh_frame      0x000000000011dbb4       0x30 binaries/xsh_netinfo.o
                                         0x48 (size before relaxing)
 .eh_frame      0x000000000011dbe4       0x24 binaries/xsh_ping.o
                                         0x3c (size before relaxing)
 .eh_frame      0x000000000011dc08       0x30 binaries/xsh_ps.o
                                         0x48 (size before relaxing)
 .eh_frame      0x000000000011dc38       0x20 binaries/xsh_sleep.o
                                         0x38 (size before relaxing)
 .eh_frame      0x000000000011dc58       0x20 binaries/xsh_udpdump.o
                                         0x38 (size before relaxing)
 .eh_frame      0x000000000011dc78       0x30 binaries/xsh_udpecho.o
                                         0x48 (size before relaxing)
 .eh_frame      0x000000000011dca8       0x24 binaries/xsh_udpserver.o
                                         0x3c (size before relaxing)
 .eh_frame      0x000000000011dccc       0x20 binaries/xsh_uptime.o
                                         0x38 (size before relaxing)

.iplt           0x000000000011dcf0        0x0
 .iplt          0x000000000011dcf0        0x0 binaries/start.o

.rel.dyn        0x000000000011dcec        0x0
 .rel.iplt      0x000000000011dcec        0x0 binaries/start.o
 .rel.text      0x000000000011dcec        0x0 binaries/start.o
 .rel.data      0x000000000011dcec        0x0 binaries/start.o
 .rel.rodata    0x000000000011dcec        0x0 binaries/start.o

.data           0x000000000011dd00     0x1300
                0x000000000011dd00                data = ABSOLUTE (.)
 *(.data .data.*)
 .data          0x000000000011dd00      0x460 binaries/start.o
                0x000000000011dd00                gdt
                0x000000000011dd40                gdtr
                0x000000000011dd46                idt
                0x000000000011e146                idtr
                0x000000000011e14c                cpudelay
                0x000000000011e150                _bootdev
                0x000000000011e154                _cyloffset
 .data          0x000000000011e160       0x88 binaries/ascdate.o
                0x000000000011e160                Date
 .data          0x000000000011e1e8        0x0 binaries/bufinit.o
 .data          0x000000000011e1e8        0x0 binaries/chprio.o
 .data          0x000000000011e1e8        0x4 binaries/clkhandler.o
 .data          0x000000000011e1ec        0x0 binaries/clkinit.o
 .data          0x000000000011e1ec        0x0 binaries/close.o
 *fill*         0x000000000011e1ec       0x14 
 .data          0x000000000011e200      0x5a0 binaries/conf.o
                0x000000000011e200                devtab
 .data          0x000000000011e7a0        0x0 binaries/control.o
 .data          0x000000000011e7a0        0x4 binaries/create.o
 *fill*         0x000000000011e7a4       0x1c 
 .data          0x000000000011e7c0       0x40 binaries/evec.o
                0x000000000011e7c0                inames
 .data          0x000000000011e800        0x0 binaries/exit.o
 .data          0x000000000011e800        0x0 binaries/fork.o
 .data          0x000000000011e800        0x0 binaries/freebuf.o
 .data          0x000000000011e800        0x0 binaries/freemem.o
 .data          0x000000000011e800        0x0 binaries/getbuf.o
 .data          0x000000000011e800        0x0 binaries/getc.o
 .data          0x000000000011e800        0x0 binaries/getdev.o
 .data          0x000000000011e800        0x0 binaries/getitem.o
 .data          0x000000000011e800        0x0 binaries/getmem.o
 .data          0x000000000011e800        0x0 binaries/getpid.o
 .data          0x000000000011e800        0x0 binaries/getprio.o
 .data          0x000000000011e800        0x0 binaries/getstk.o
 .data          0x000000000011e800        0x0 binaries/getticks.o
 .data          0x000000000011e800        0x0 binaries/gettime.o
 .data          0x000000000011e800        0x0 binaries/getutime.o
 .data          0x000000000011e800       0x40 binaries/i386.o
                0x000000000011e800                gdt_copy
 .data          0x000000000011e840        0x0 binaries/init.o
 .data          0x000000000011e840        0x0 binaries/initialize.o
 .data          0x000000000011e840        0x0 binaries/insert.o
 .data          0x000000000011e840        0x0 binaries/insertd.o
 .data          0x000000000011e840        0x0 binaries/ioerr.o
 .data          0x000000000011e840        0x0 binaries/ionull.o
 .data          0x000000000011e840        0x0 binaries/kill.o
 .data          0x000000000011e840        0x0 binaries/kprintf.o
 .data          0x000000000011e840        0x0 binaries/main.o
 .data          0x000000000011e840        0x0 binaries/mark.o
 .data          0x000000000011e840        0x0 binaries/meminit.o
 .data          0x000000000011e840        0x0 binaries/mkbufpool.o
 .data          0x000000000011e840        0x2 binaries/newqueue.o
 .data          0x000000000011e842        0x0 binaries/open.o
 .data          0x000000000011e842        0x0 binaries/panic.o
 *fill*         0x000000000011e842        0x2 
 .data          0x000000000011e844       0x10 binaries/pci.o
 .data          0x000000000011e854        0x0 binaries/pr_status_sycall_summary.o
 .data          0x000000000011e854        0x0 binaries/ptclear.o
 .data          0x000000000011e854        0x0 binaries/ptcount.o
 .data          0x000000000011e854        0x0 binaries/ptcreate.o
 .data          0x000000000011e854        0x0 binaries/ptdelete.o
 .data          0x000000000011e854        0x0 binaries/ptinit.o
 .data          0x000000000011e854        0x0 binaries/ptrecv.o
 .data          0x000000000011e854        0x0 binaries/ptreset.o
 .data          0x000000000011e854        0x0 binaries/ptsend.o
 .data          0x000000000011e854        0x0 binaries/putc.o
 .data          0x000000000011e854        0x0 binaries/queue.o
 .data          0x000000000011e854        0x0 binaries/read.o
 .data          0x000000000011e854        0x0 binaries/ready.o
[...]
 .comment       0x000000000000001d       0x1e binaries/dot2ip.o
 .comment       0x000000000000001d       0x1e binaries/hexdump.o
 .comment       0x000000000000001d       0x1e binaries/icmp.o
 .comment       0x000000000000001d       0x1e binaries/ip.o
 .comment       0x000000000000001d       0x1e binaries/net.o
 .comment       0x000000000000001d       0x1e binaries/pdump.o
 .comment       0x000000000000001d       0x1e binaries/tftp.o
 .comment       0x000000000000001d       0x1e binaries/udp.o
 .comment       0x000000000000001d       0x1e binaries/addargs.o
 .comment       0x000000000000001d       0x1e binaries/lexan.o
 .comment       0x000000000000001d       0x1e binaries/shell.o
 .comment       0x000000000000001d       0x1e binaries/xsh_argecho.o
 .comment       0x000000000000001d       0x1e binaries/xsh_arp.o
 .comment       0x000000000000001d       0x1e binaries/xsh_cat.o
 .comment       0x000000000000001d       0x1e binaries/xsh_clear.o
 .comment       0x000000000000001d       0x1e binaries/xsh_date.o
 .comment       0x000000000000001d       0x1e binaries/xsh_devdump.o
 .comment       0x000000000000001d       0x1e binaries/xsh_echo.o
 .comment       0x000000000000001d       0x1e binaries/xsh_exit.o
 .comment       0x000000000000001d       0x1e binaries/xsh_help.o
 .comment       0x000000000000001d       0x1e binaries/xsh_kill.o
 .comment       0x000000000000001d       0x1e binaries/xsh_memdump.o
 .comment       0x000000000000001d       0x1e binaries/xsh_memstat.o
 .comment       0x000000000000001d       0x1e binaries/xsh_netinfo.o
 .comment       0x000000000000001d       0x1e binaries/xsh_ping.o
 .comment       0x000000000000001d       0x1e binaries/xsh_ps.o
 .comment       0x000000000000001d       0x1e binaries/xsh_sleep.o
 .comment       0x000000000000001d       0x1e binaries/xsh_udpdump.o
 .comment       0x000000000000001d       0x1e binaries/xsh_udpecho.o
 .comment       0x000000000000001d       0x1e binaries/xsh_udpserver.o
 .comment       0x000000000000001d       0x1e binaries/xsh_uptime.o

.note.GNU-stack
                0x0000000000000000        0x0
 .note.GNU-stack
                0x0000000000000000        0x0 binaries/ascdate.o
 .note.GNU-stack
                0x0000000000000000        0x0 binaries/bufinit.o
 .note.GNU-stack
                0x0000000000000000        0x0 binaries/chprio.o
 .note.GNU-stack
                0x0000000000000000        0x0 binaries/clkhandler.o
 .note.GNU-stack
                0x0000000000000000        0x0 binaries/clkinit.o
 .note.GNU-stack
                0x0000000000000000        0x0 binaries/close.o
 .note.GNU-stack
                0x0000000000000000        0x0 binaries/conf.o
 .note.GNU-stack
                0x0000000000000000        0x0 binaries/control.o
 .note.GNU-stack
                0x0000000000000000        0x0 binaries/create.o
 .note.GNU-stack
                0x0000000000000000        0x0 binaries/evec.o
 .note.GNU-stack
                0x0000000000000000        0x0 binaries/exit.o
 .note.GNU-stack
                0x0000000000000000        0x0 binaries/fork.o
 .note.GNU-stack
                0x0000000000000000        0x0 binaries/freebuf.o
 .note.GNU-stack
                0x0000000000000000        0x0 binaries/freemem.o
 .note.GNU-stack
                0x0000000000000000        0x0 binaries/getbuf.o
 .note.GNU-stack
                0x0000000000000000        0x0 binaries/getc.o
 .note.GNU-stack
                0x0000000000000000        0x0 binaries/getdev.o
 .note.GNU-stack
                0x0000000000000000        0x0 binaries/getitem.o
 .note.GNU-stack
                0x0000000000000000        0x0 binaries/getmem.o
 .note.GNU-stack
                0x0000000000000000        0x0 binaries/getpid.o
 .note.GNU-stack
                0x0000000000000000        0x0 binaries/getprio.o
 .note.GNU-stack
                0x0000000000000000        0x0 binaries/getstk.o
 .note.GNU-stack
                0x0000000000000000        0x0 binaries/getticks.o
 .note.GNU-stack
                0x0000000000000000        0x0 binaries/gettime.o
 .note.GNU-stack
                0x0000000000000000        0x0 binaries/getutime.o
 .note.GNU-stack
                0x0000000000000000        0x0 binaries/i386.o
 .note.GNU-stack
                0x0000000000000000        0x0 binaries/init.o
 .note.GNU-stack
                0x0000000000000000        0x0 binaries/initialize.o
 .note.GNU-stack
                0x0000000000000000        0x0 binaries/insert.o
 .note.GNU-stack
                0x0000000000000000        0x0 binaries/insertd.o
 .note.GNU-stack
                0x0000000000000000        0x0 binaries/ioerr.o
 .note.GNU-stack
                0x0000000000000000        0x0 binaries/ionull.o
 .note.GNU-stack
                0x0000000000000000        0x0 binaries/kill.o
 .note.GNU-stack
                0x0000000000000000        0x0 binaries/kprintf.o
 .note.GNU-stack
                0x0000000000000000        0x0 binaries/main.o
 .note.GNU-stack
                0x0000000000000000        0x0 binaries/mark.o
 .note.GNU-stack
                0x0000000000000000        0x0 binaries/meminit.o
 .note.GNU-stack
                0x0000000000000000        0x0 binaries/mkbufpool.o
 .note.GNU-stack
                0x0000000000000000        0x0 binaries/newqueue.o
 .note.GNU-stack
                0x0000000000000000        0x0 binaries/open.o
 .note.GNU-stack
                0x0000000000000000        0x0 binaries/panic.o
 .note.GNU-stack
                0x0000000000000000        0x0 binaries/pci.o
 .note.GNU-stack
                0x0000000000000000        0x0 binaries/pr_status_sycall_summary.o
 .note.GNU-stack
                0x0000000000000000        0x0 binaries/ptclear.o
 .note.GNU-stack
                0x0000000000000000        0x0 binaries/ptcount.o
 .note.GNU-stack
                0x0000000000000000        0x0 binaries/ptcreate.o
 .note.GNU-stack
                0x0000000000000000        0x0 binaries/ptdelete.o
 .note.GNU-stack
                0x0000000000000000        0x0 binaries/ptinit.o
 .note.GNU-stack
                0x0000000000000000        0x0 binaries/ptrecv.o
 .note.GNU-stack
                0x0000000000000000        0x0 binaries/ptreset.o
 .note.GNU-stack
                0x0000000000000000        0x0 binaries/ptsend.o
 .note.GNU-stack
                0x0000000000000000        0x0 binaries/putc.o
 .note.GNU-stack
                0x0000000000000000        0x0 binaries/queue.o
 .note.GNU-stack
                0x0000000000000000        0x0 binaries/read.o
 .note.GNU-stack
                0x0000000000000000        0x0 binaries/ready.o
 .note.GNU-stack
                0x0000000000000000        0x0 binaries/receive.o
 .note.GNU-stack
                0x0000000000000000        0x0 binaries/recvclr.o
 .note.GNU-stack
                0x0000000000000000        0x0 binaries/recvtime.o
 .note.GNU-stack
                0x0000000000000000        0x0 binaries/resched.o
 .note.GNU-stack
                0x0000000000000000        0x0 binaries/resume.o
 .note.GNU-stack
                0x0000000000000000        0x0 binaries/seek.o
 .note.GNU-stack
                0x0000000000000000        0x0 binaries/semcount.o
 .note.GNU-stack
                0x0000000000000000        0x0 binaries/semcreate.o
 .note.GNU-stack
                0x0000000000000000        0x0 binaries/semdelete.o
 .note.GNU-stack
                0x0000000000000000        0x0 binaries/semreset.o
 .note.GNU-stack
                0x0000000000000000        0x0 binaries/send.o
 .note.GNU-stack
                0x0000000000000000        0x0 binaries/signal.o
 .note.GNU-stack
                0x0000000000000000        0x0 binaries/signaln.o
 .note.GNU-stack
                0x0000000000000000        0x0 binaries/sleep.o
 .note.GNU-stack
                0x0000000000000000        0x0 binaries/stacktrace.o
 .note.GNU-stack
                0x0000000000000000        0x0 binaries/suspend.o
 .note.GNU-stack
                0x0000000000000000        0x0 binaries/unsleep.o
 .note.GNU-stack
                0x0000000000000000        0x0 binaries/userret.o
 .note.GNU-stack
                0x0000000000000000        0x0 binaries/wait.o
 .note.GNU-stack
                0x0000000000000000        0x0 binaries/wakeup.o
 .note.GNU-stack
                0x0000000000000000        0x0 binaries/write.o
 .note.GNU-stack
                0x0000000000000000        0x0 binaries/xdone.o
 .note.GNU-stack
                0x0000000000000000        0x0 binaries/yield.o
 .note.GNU-stack
                0x0000000000000000        0x0 binaries/abs.o
 .note.GNU-stack
                0x0000000000000000        0x0 binaries/atoi.o
 .note.GNU-stack
                0x0000000000000000        0x0 binaries/atol.o
 .note.GNU-stack
                0x0000000000000000        0x0 binaries/bzero.o
 .note.GNU-stack
                0x0000000000000000        0x0 binaries/ctype_.o
 .note.GNU-stack
                0x0000000000000000        0x0 binaries/doprnt.o
 .note.GNU-stack
                0x0000000000000000        0x0 binaries/doscan.o
 .note.GNU-stack
                0x0000000000000000        0x0 binaries/fdoprnt.o
 .note.GNU-stack
                0x0000000000000000        0x0 binaries/fgetc.o
 .note.GNU-stack
                0x0000000000000000        0x0 binaries/fgets.o
 .note.GNU-stack
                0x0000000000000000        0x0 binaries/fprintf.o
 .note.GNU-stack
                0x0000000000000000        0x0 binaries/fputc.o
 .note.GNU-stack
                0x0000000000000000        0x0 binaries/fputs.o
 .note.GNU-stack
                0x0000000000000000        0x0 binaries/fscanf.o
 .note.GNU-stack
                0x0000000000000000        0x0 binaries/getchar.o
 .note.GNU-stack
                0x0000000000000000        0x0 binaries/labs.o
 .note.GNU-stack
                0x0000000000000000        0x0 binaries/memchr.o
 .note.GNU-stack
                0x0000000000000000        0x0 binaries/memcmp.o
 .note.GNU-stack
                0x0000000000000000        0x0 binaries/memcpy.o
 .note.GNU-stack
                0x0000000000000000        0x0 binaries/memset.o
 .note.GNU-stack
                0x0000000000000000        0x0 binaries/printf.o
 .note.GNU-stack
                0x0000000000000000        0x0 binaries/putchar.o
 .note.GNU-stack
                0x0000000000000000        0x0 binaries/qsort.o
 .note.GNU-stack
                0x0000000000000000        0x0 binaries/rand.o
 .note.GNU-stack
                0x0000000000000000        0x0 binaries/sprintf.o
 .note.GNU-stack
                0x0000000000000000        0x0 binaries/sscanf.o
 .note.GNU-stack
                0x0000000000000000        0x0 binaries/strchr.o
 .note.GNU-stack
                0x0000000000000000        0x0 binaries/strcmp.o
 .note.GNU-stack
                0x0000000000000000        0x0 binaries/strcpy.o
 .note.GNU-stack
                0x0000000000000000        0x0 binaries/strlen.o
 .note.GNU-stack
                0x0000000000000000        0x0 binaries/strncat.o
 .note.GNU-stack
                0x0000000000000000        0x0 binaries/strncmp.o
 .note.GNU-stack
                0x0000000000000000        0x0 binaries/strncpy.o
 .note.GNU-stack
                0x0000000000000000        0x0 binaries/strnlen.o
 .note.GNU-stack
                0x0000000000000000        0x0 binaries/strrchr.o
 .note.GNU-stack
                0x0000000000000000        0x0 binaries/strstr.o
 .note.GNU-stack
                0x0000000000000000        0x0 binaries/ttycontrol.o
 .note.GNU-stack
                0x0000000000000000        0x0 binaries/ttygetc.o
 .note.GNU-stack
                0x0000000000000000        0x0 binaries/ttyhandle_in.o
 .note.GNU-stack
                0x0000000000000000        0x0 binaries/ttyhandle_out.o
 .note.GNU-stack
                0x0000000000000000        0x0 binaries/ttyhandler.o
 .note.GNU-stack
                0x0000000000000000        0x0 binaries/ttyinit.o
 .note.GNU-stack
                0x0000000000000000        0x0 binaries/ttykickout.o
 .note.GNU-stack
                0x0000000000000000        0x0 binaries/ttyputc.o
 .note.GNU-stack
                0x0000000000000000        0x0 binaries/ttyread.o
 .note.GNU-stack
                0x0000000000000000        0x0 binaries/ttywrite.o
 .note.GNU-stack
                0x0000000000000000        0x0 binaries/mount.o
 .note.GNU-stack
                0x0000000000000000        0x0 binaries/naminit.o
 .note.GNU-stack
                0x0000000000000000        0x0 binaries/nammap.o
 .note.GNU-stack
                0x0000000000000000        0x0 binaries/namopen.o
 .note.GNU-stack
                0x0000000000000000        0x0 binaries/82545EMInit.o
 .note.GNU-stack
                0x0000000000000000        0x0 binaries/ethcontrol.o
 .note.GNU-stack
                0x0000000000000000        0x0 binaries/ethhandler.o
 .note.GNU-stack
                0x0000000000000000        0x0 binaries/ethinit.o
 .note.GNU-stack
                0x0000000000000000        0x0 binaries/ethread.o
 .note.GNU-stack
                0x0000000000000000        0x0 binaries/ethwrite.o
 .note.GNU-stack
                0x0000000000000000        0x0 binaries/rdsbufalloc.o
 .note.GNU-stack
                0x0000000000000000        0x0 binaries/rdsclose.o
 .note.GNU-stack
                0x0000000000000000        0x0 binaries/rdscomm.o
 .note.GNU-stack
                0x0000000000000000        0x0 binaries/rdscontrol.o
 .note.GNU-stack
                0x0000000000000000        0x0 binaries/rdsinit.o
 .note.GNU-stack
                0x0000000000000000        0x0 binaries/rdsopen.o
 .note.GNU-stack
                0x0000000000000000        0x0 binaries/rdsprocess.o
 .note.GNU-stack
                0x0000000000000000        0x0 binaries/rdsread.o
 .note.GNU-stack
                0x0000000000000000        0x0 binaries/rdswrite.o
 .note.GNU-stack
                0x0000000000000000        0x0 binaries/ramclose.o
 .note.GNU-stack
                0x0000000000000000        0x0 binaries/raminit.o
 .note.GNU-stack
                0x0000000000000000        0x0 binaries/ramopen.o
 .note.GNU-stack
                0x0000000000000000        0x0 binaries/ramread.o
 .note.GNU-stack
                0x0000000000000000        0x0 binaries/ramwrite.o
 .note.GNU-stack
                0x0000000000000000        0x0 binaries/lfdballoc.o
 .note.GNU-stack
                0x0000000000000000        0x0 binaries/lfdbfree.o
 .note.GNU-stack
                0x0000000000000000        0x0 binaries/lfflush.o
 .note.GNU-stack
                0x0000000000000000        0x0 binaries/lfgetmode.o
 .note.GNU-stack
                0x0000000000000000        0x0 binaries/lfiballoc.o
 .note.GNU-stack
                0x0000000000000000        0x0 binaries/lfibclear.o
 .note.GNU-stack
                0x0000000000000000        0x0 binaries/lfibget.o
 .note.GNU-stack
                0x0000000000000000        0x0 binaries/lfibput.o
 .note.GNU-stack
                0x0000000000000000        0x0 binaries/lflclose.o
 .note.GNU-stack
                0x0000000000000000        0x0 binaries/lflcontrol.o
 .note.GNU-stack
                0x0000000000000000        0x0 binaries/lflgetc.o
 .note.GNU-stack
                0x0000000000000000        0x0 binaries/lflinit.o
 .note.GNU-stack
                0x0000000000000000        0x0 binaries/lflputc.o
 .note.GNU-stack
                0x0000000000000000        0x0 binaries/lflread.o
 .note.GNU-stack
                0x0000000000000000        0x0 binaries/lflseek.o
 .note.GNU-stack
                0x0000000000000000        0x0 binaries/lflwrite.o
 .note.GNU-stack
                0x0000000000000000        0x0 binaries/lfscheck.o
 .note.GNU-stack
                0x0000000000000000        0x0 binaries/lfsckfmt.o
 .note.GNU-stack
                0x0000000000000000        0x0 binaries/lfscreate.o
 .note.GNU-stack
                0x0000000000000000        0x0 binaries/lfsetup.o
 .note.GNU-stack
                0x0000000000000000        0x0 binaries/lfsinit.o
 .note.GNU-stack
                0x0000000000000000        0x0 binaries/lfsopen.o
 .note.GNU-stack
                0x0000000000000000        0x0 binaries/lftruncate.o
 .note.GNU-stack
                0x0000000000000000        0x0 binaries/rflclose.o
 .note.GNU-stack
                0x0000000000000000        0x0 binaries/rflgetc.o
 .note.GNU-stack
                0x0000000000000000        0x0 binaries/rflinit.o
 .note.GNU-stack
                0x0000000000000000        0x0 binaries/rflputc.o
 .note.GNU-stack
                0x0000000000000000        0x0 binaries/rflread.o
 .note.GNU-stack
                0x0000000000000000        0x0 binaries/rflseek.o
 .note.GNU-stack
                0x0000000000000000        0x0 binaries/rflwrite.o
 .note.GNU-stack
                0x0000000000000000        0x0 binaries/rfscomm.o
 .note.GNU-stack
                0x0000000000000000        0x0 binaries/rfscontrol.o
 .note.GNU-stack
                0x0000000000000000        0x0 binaries/rfsgetmode.o
 .note.GNU-stack
                0x0000000000000000        0x0 binaries/rfsinit.o
 .note.GNU-stack
                0x0000000000000000        0x0 binaries/rfsndmsg.o
 .note.GNU-stack
                0x0000000000000000        0x0 binaries/rfsopen.o
 .note.GNU-stack
                0x0000000000000000        0x0 binaries/arp.o
 .note.GNU-stack
                0x0000000000000000        0x0 binaries/dhcp.o
 .note.GNU-stack
                0x0000000000000000        0x0 binaries/dns.o
 .note.GNU-stack
                0x0000000000000000        0x0 binaries/dot2ip.o
 .note.GNU-stack
                0x0000000000000000        0x0 binaries/hexdump.o
 .note.GNU-stack
                0x0000000000000000        0x0 binaries/icmp.o
 .note.GNU-stack
                0x0000000000000000        0x0 binaries/ip.o
 .note.GNU-stack
                0x0000000000000000        0x0 binaries/net.o
 .note.GNU-stack
                0x0000000000000000        0x0 binaries/pdump.o
 .note.GNU-stack
                0x0000000000000000        0x0 binaries/tftp.o
 .note.GNU-stack
                0x0000000000000000        0x0 binaries/udp.o
 .note.GNU-stack
                0x0000000000000000        0x0 binaries/addargs.o
 .note.GNU-stack
                0x0000000000000000        0x0 binaries/lexan.o
 .note.GNU-stack
                0x0000000000000000        0x0 binaries/shell.o
 .note.GNU-stack
                0x0000000000000000        0x0 binaries/xsh_argecho.o
 .note.GNU-stack
                0x0000000000000000        0x0 binaries/xsh_arp.o
 .note.GNU-stack
                0x0000000000000000        0x0 binaries/xsh_cat.o
 .note.GNU-stack
                0x0000000000000000        0x0 binaries/xsh_clear.o
 .note.GNU-stack
                0x0000000000000000        0x0 binaries/xsh_date.o
 .note.GNU-stack
                0x0000000000000000        0x0 binaries/xsh_devdump.o
 .note.GNU-stack
                0x0000000000000000        0x0 binaries/xsh_echo.o
 .note.GNU-stack
                0x0000000000000000        0x0 binaries/xsh_exit.o
 .note.GNU-stack
                0x0000000000000000        0x0 binaries/xsh_help.o
 .note.GNU-stack
                0x0000000000000000        0x0 binaries/xsh_kill.o
 .note.GNU-stack
                0x0000000000000000        0x0 binaries/xsh_memdump.o
 .note.GNU-stack
                0x0000000000000000        0x0 binaries/xsh_memstat.o
 .note.GNU-stack
                0x0000000000000000        0x0 binaries/xsh_netinfo.o
 .note.GNU-stack
                0x0000000000000000        0x0 binaries/xsh_ping.o
 .note.GNU-stack
                0x0000000000000000        0x0 binaries/xsh_ps.o
 .note.GNU-stack
                0x0000000000000000        0x0 binaries/xsh_sleep.o
 .note.GNU-stack
                0x0000000000000000        0x0 binaries/xsh_udpdump.o
 .note.GNU-stack
                0x0000000000000000        0x0 binaries/xsh_udpecho.o
 .note.GNU-stack
                0x0000000000000000        0x0 binaries/xsh_udpserver.o
 .note.GNU-stack
                0x0000000000000000        0x0 binaries/xsh_uptime.o
